[2021-06-25T13:35:26.535-0530][gc,heap] Heap region size: 1M
[2021-06-25T13:35:26.535-0530][gc,heap,coops] Heap address: 0x00000007c0000000, size: 1024 MB, Compressed Oops mode: Zero based, Oop shift amount: 3
[2021-06-25T13:35:26.544-0530][gc           ] Using G1
[2021-06-25T13:35:26.545-0530][gc,cds       ] Mark closed archive regions in map: [0x00000007fff00000, 0x00000007fff7aff8]
[2021-06-25T13:35:26.545-0530][gc,cds       ] Mark open archive regions in map: [0x00000007ffe00000, 0x00000007ffe50ff8]
[2021-06-25T13:35:26.562-0530][gc           ] Periodic GC disabled
[2021-06-25T13:35:32.482-0530][gc,start     ] GC(0) Pause Young (Normal) (G1 Evacuation Pause)
[2021-06-25T13:35:32.482-0530][gc,task      ] GC(0) Using 10 workers of 10 for evacuation
[2021-06-25T13:35:32.488-0530][gc,phases    ] GC(0)   Pre Evacuate Collection Set: 0.1ms
[2021-06-25T13:35:32.488-0530][gc,phases    ] GC(0)   Merge Heap Roots: 0.0ms
[2021-06-25T13:35:32.488-0530][gc,phases    ] GC(0)   Evacuate Collection Set: 4.8ms
[2021-06-25T13:35:32.488-0530][gc,phases    ] GC(0)   Post Evacuate Collection Set: 0.5ms
[2021-06-25T13:35:32.488-0530][gc,phases    ] GC(0)   Other: 0.8ms
[2021-06-25T13:35:32.488-0530][gc,heap      ] GC(0) Eden regions: 51->0(44)
[2021-06-25T13:35:32.488-0530][gc,heap      ] GC(0) Survivor regions: 0->7(7)
[2021-06-25T13:35:32.488-0530][gc,heap      ] GC(0) Old regions: 0->0
[2021-06-25T13:35:32.488-0530][gc,heap      ] GC(0) Archive regions: 2->2
[2021-06-25T13:35:32.488-0530][gc,heap      ] GC(0) Humongous regions: 0->0
[2021-06-25T13:35:32.488-0530][gc,metaspace ] GC(0) Metaspace: 14575K(15104K)->14575K(15104K) NonClass: 12730K(13056K)->12730K(13056K) Class: 1844K(2048K)->1844K(2048K)
[2021-06-25T13:35:32.488-0530][gc           ] GC(0) Pause Young (Normal) (G1 Evacuation Pause) 51M->7M(1024M) 6.477ms
[2021-06-25T13:35:32.488-0530][gc,cpu       ] GC(0) User=0.03s Sys=0.01s Real=0.00s
[2021-06-25T13:35:33.412-0530][gc,start     ] GC(1) Pause Young (Concurrent Start) (Metadata GC Threshold)
[2021-06-25T13:35:33.412-0530][gc,task      ] GC(1) Using 10 workers of 10 for evacuation
[2021-06-25T13:35:33.418-0530][gc,phases    ] GC(1)   Pre Evacuate Collection Set: 0.1ms
[2021-06-25T13:35:33.418-0530][gc,phases    ] GC(1)   Merge Heap Roots: 0.1ms
[2021-06-25T13:35:33.418-0530][gc,phases    ] GC(1)   Evacuate Collection Set: 4.6ms
[2021-06-25T13:35:33.418-0530][gc,phases    ] GC(1)   Post Evacuate Collection Set: 0.3ms
[2021-06-25T13:35:33.418-0530][gc,phases    ] GC(1)   Other: 0.9ms
[2021-06-25T13:35:33.418-0530][gc,heap      ] GC(1) Eden regions: 27->0(49)
[2021-06-25T13:35:33.418-0530][gc,heap      ] GC(1) Survivor regions: 7->2(7)
[2021-06-25T13:35:33.418-0530][gc,heap      ] GC(1) Old regions: 0->7
[2021-06-25T13:35:33.418-0530][gc,heap      ] GC(1) Archive regions: 2->2
[2021-06-25T13:35:33.418-0530][gc,heap      ] GC(1) Humongous regions: 0->0
[2021-06-25T13:35:33.418-0530][gc,metaspace ] GC(1) Metaspace: 20647K(21296K)->20647K(21296K) NonClass: 18043K(18432K)->18043K(18432K) Class: 2604K(2864K)->2604K(2864K)
[2021-06-25T13:35:33.418-0530][gc           ] GC(1) Pause Young (Concurrent Start) (Metadata GC Threshold) 33M->8M(1024M) 6.281ms
[2021-06-25T13:35:33.418-0530][gc,cpu       ] GC(1) User=0.03s Sys=0.02s Real=0.00s
[2021-06-25T13:35:33.418-0530][gc           ] GC(2) Concurrent Cycle
[2021-06-25T13:35:33.418-0530][gc,marking   ] GC(2) Concurrent Clear Claimed Marks
[2021-06-25T13:35:33.418-0530][gc,marking   ] GC(2) Concurrent Clear Claimed Marks 0.103ms
[2021-06-25T13:35:33.418-0530][gc,marking   ] GC(2) Concurrent Scan Root Regions
[2021-06-25T13:35:33.421-0530][gc,marking   ] GC(2) Concurrent Scan Root Regions 2.403ms
[2021-06-25T13:35:33.421-0530][gc,marking   ] GC(2) Concurrent Mark (6.909s)
[2021-06-25T13:35:33.421-0530][gc,marking   ] GC(2) Concurrent Mark From Roots
[2021-06-25T13:35:33.421-0530][gc,task      ] GC(2) Using 3 workers of 3 for marking
[2021-06-25T13:35:33.422-0530][gc,marking   ] GC(2) Concurrent Mark From Roots 1.383ms
[2021-06-25T13:35:33.422-0530][gc,marking   ] GC(2) Concurrent Preclean
[2021-06-25T13:35:33.422-0530][gc,marking   ] GC(2) Concurrent Preclean 0.041ms
[2021-06-25T13:35:33.422-0530][gc,marking   ] GC(2) Concurrent Mark (6.909s, 6.910s) 1.526ms
[2021-06-25T13:35:33.422-0530][gc,start     ] GC(2) Pause Remark
[2021-06-25T13:35:33.423-0530][gc           ] GC(2) Pause Remark 8M->8M(1024M) 0.850ms
[2021-06-25T13:35:33.423-0530][gc,cpu       ] GC(2) User=0.01s Sys=0.00s Real=0.00s
[2021-06-25T13:35:33.423-0530][gc,marking   ] GC(2) Concurrent Rebuild Remembered Sets
[2021-06-25T13:35:33.425-0530][gc,marking   ] GC(2) Concurrent Rebuild Remembered Sets 1.658ms
[2021-06-25T13:35:33.426-0530][gc,start     ] GC(2) Pause Cleanup
[2021-06-25T13:35:33.426-0530][gc           ] GC(2) Pause Cleanup 8M->8M(1024M) 0.151ms
[2021-06-25T13:35:33.426-0530][gc,cpu       ] GC(2) User=0.00s Sys=0.00s Real=0.00s
[2021-06-25T13:35:33.426-0530][gc,marking   ] GC(2) Concurrent Cleanup for Next Mark
[2021-06-25T13:35:33.432-0530][gc,marking   ] GC(2) Concurrent Cleanup for Next Mark 5.871ms
[2021-06-25T13:35:33.432-0530][gc           ] GC(2) Concurrent Cycle 13.778ms
[2021-06-25T13:35:34.048-0530][gc,start     ] GC(3) Pause Young (Normal) (G1 Evacuation Pause)
[2021-06-25T13:35:34.048-0530][gc,task      ] GC(3) Using 10 workers of 10 for evacuation
[2021-06-25T13:35:34.051-0530][gc,phases    ] GC(3)   Pre Evacuate Collection Set: 0.1ms
[2021-06-25T13:35:34.051-0530][gc,phases    ] GC(3)   Merge Heap Roots: 0.1ms
[2021-06-25T13:35:34.051-0530][gc,phases    ] GC(3)   Evacuate Collection Set: 2.2ms
[2021-06-25T13:35:34.051-0530][gc,phases    ] GC(3)   Post Evacuate Collection Set: 0.3ms
[2021-06-25T13:35:34.051-0530][gc,phases    ] GC(3)   Other: 0.1ms
[2021-06-25T13:35:34.051-0530][gc,heap      ] GC(3) Eden regions: 49->0(46)
[2021-06-25T13:35:34.051-0530][gc,heap      ] GC(3) Survivor regions: 2->5(7)
[2021-06-25T13:35:34.051-0530][gc,heap      ] GC(3) Old regions: 7->7
[2021-06-25T13:35:34.051-0530][gc,heap      ] GC(3) Archive regions: 2->2
[2021-06-25T13:35:34.051-0530][gc,heap      ] GC(3) Humongous regions: 129->129
[2021-06-25T13:35:34.051-0530][gc,metaspace ] GC(3) Metaspace: 29303K(30640K)->29303K(30640K) NonClass: 25806K(26624K)->25806K(26624K) Class: 3496K(4016K)->3496K(4016K)
[2021-06-25T13:35:34.051-0530][gc           ] GC(3) Pause Young (Normal) (G1 Evacuation Pause) 186M->140M(1024M) 2.956ms
[2021-06-25T13:35:34.051-0530][gc,cpu       ] GC(3) User=0.02s Sys=0.00s Real=0.01s
[2021-06-25T13:35:34.333-0530][gc,start     ] GC(4) Pause Young (Concurrent Start) (Metadata GC Threshold)
[2021-06-25T13:35:34.333-0530][gc,task      ] GC(4) Using 10 workers of 10 for evacuation
[2021-06-25T13:35:34.337-0530][gc,phases    ] GC(4)   Pre Evacuate Collection Set: 0.2ms
[2021-06-25T13:35:34.337-0530][gc,phases    ] GC(4)   Merge Heap Roots: 0.1ms
[2021-06-25T13:35:34.337-0530][gc,phases    ] GC(4)   Evacuate Collection Set: 3.3ms
[2021-06-25T13:35:34.337-0530][gc,phases    ] GC(4)   Post Evacuate Collection Set: 0.3ms
[2021-06-25T13:35:34.337-0530][gc,phases    ] GC(4)   Other: 0.2ms
[2021-06-25T13:35:34.337-0530][gc,heap      ] GC(4) Eden regions: 26->0(49)
[2021-06-25T13:35:34.337-0530][gc,heap      ] GC(4) Survivor regions: 5->2(7)
[2021-06-25T13:35:34.337-0530][gc,heap      ] GC(4) Old regions: 7->11
[2021-06-25T13:35:34.337-0530][gc,heap      ] GC(4) Archive regions: 2->2
[2021-06-25T13:35:34.337-0530][gc,heap      ] GC(4) Humongous regions: 129->129
[2021-06-25T13:35:34.337-0530][gc,metaspace ] GC(4) Metaspace: 34414K(35888K)->34414K(35888K) NonClass: 30190K(30976K)->30190K(30976K) Class: 4224K(4912K)->4224K(4912K)
[2021-06-25T13:35:34.337-0530][gc           ] GC(4) Pause Young (Concurrent Start) (Metadata GC Threshold) 166M->142M(1024M) 4.223ms
[2021-06-25T13:35:34.337-0530][gc,cpu       ] GC(4) User=0.04s Sys=0.01s Real=0.00s
[2021-06-25T13:35:34.337-0530][gc           ] GC(5) Concurrent Cycle
[2021-06-25T13:35:34.337-0530][gc,marking   ] GC(5) Concurrent Clear Claimed Marks
[2021-06-25T13:35:34.337-0530][gc,marking   ] GC(5) Concurrent Clear Claimed Marks 0.139ms
[2021-06-25T13:35:34.337-0530][gc,marking   ] GC(5) Concurrent Scan Root Regions
[2021-06-25T13:35:34.340-0530][gc,marking   ] GC(5) Concurrent Scan Root Regions 2.961ms
[2021-06-25T13:35:34.340-0530][gc,marking   ] GC(5) Concurrent Mark (7.828s)
[2021-06-25T13:35:34.340-0530][gc,marking   ] GC(5) Concurrent Mark From Roots
[2021-06-25T13:35:34.340-0530][gc,task      ] GC(5) Using 3 workers of 3 for marking
[2021-06-25T13:35:34.345-0530][gc,marking   ] GC(5) Concurrent Mark From Roots 4.337ms
[2021-06-25T13:35:34.345-0530][gc,marking   ] GC(5) Concurrent Preclean
[2021-06-25T13:35:34.345-0530][gc,marking   ] GC(5) Concurrent Preclean 0.067ms
[2021-06-25T13:35:34.345-0530][gc,marking   ] GC(5) Concurrent Mark (7.828s, 7.833s) 4.472ms
[2021-06-25T13:35:34.345-0530][gc,start     ] GC(5) Pause Remark
[2021-06-25T13:35:34.346-0530][gc           ] GC(5) Pause Remark 142M->142M(1024M) 1.218ms
[2021-06-25T13:35:34.346-0530][gc,cpu       ] GC(5) User=0.00s Sys=0.00s Real=0.00s
[2021-06-25T13:35:34.346-0530][gc,marking   ] GC(5) Concurrent Rebuild Remembered Sets
[2021-06-25T13:35:34.350-0530][gc,marking   ] GC(5) Concurrent Rebuild Remembered Sets 3.705ms
[2021-06-25T13:35:34.350-0530][gc,start     ] GC(5) Pause Cleanup
[2021-06-25T13:35:34.350-0530][gc           ] GC(5) Pause Cleanup 142M->142M(1024M) 0.203ms
[2021-06-25T13:35:34.350-0530][gc,cpu       ] GC(5) User=0.00s Sys=0.00s Real=0.00s
[2021-06-25T13:35:34.350-0530][gc,marking   ] GC(5) Concurrent Cleanup for Next Mark
[2021-06-25T13:35:34.357-0530][gc,marking   ] GC(5) Concurrent Cleanup for Next Mark 6.956ms
[2021-06-25T13:35:34.357-0530][gc           ] GC(5) Concurrent Cycle 20.424ms
[2021-06-25T13:40:33.939-0530][gc,start     ] GC(6) Pause Young (Normal) (G1 Evacuation Pause)
[2021-06-25T13:40:33.940-0530][gc,task      ] GC(6) Using 10 workers of 10 for evacuation
[2021-06-25T13:40:33.945-0530][gc,phases    ] GC(6)   Pre Evacuate Collection Set: 0.2ms
[2021-06-25T13:40:33.945-0530][gc,phases    ] GC(6)   Merge Heap Roots: 0.1ms
[2021-06-25T13:40:33.945-0530][gc,phases    ] GC(6)   Evacuate Collection Set: 3.7ms
[2021-06-25T13:40:33.945-0530][gc,phases    ] GC(6)   Post Evacuate Collection Set: 0.6ms
[2021-06-25T13:40:33.945-0530][gc,phases    ] GC(6)   Other: 1.4ms
[2021-06-25T13:40:33.945-0530][gc,heap      ] GC(6) Eden regions: 49->0(46)
[2021-06-25T13:40:33.945-0530][gc,heap      ] GC(6) Survivor regions: 2->5(7)
[2021-06-25T13:40:33.945-0530][gc,heap      ] GC(6) Old regions: 11->11
[2021-06-25T13:40:33.945-0530][gc,heap      ] GC(6) Archive regions: 2->2
[2021-06-25T13:40:33.945-0530][gc,heap      ] GC(6) Humongous regions: 129->129
[2021-06-25T13:40:33.945-0530][gc,metaspace ] GC(6) Metaspace: 40981K(43696K)->40981K(43696K) NonClass: 35440K(36864K)->35440K(36864K) Class: 5540K(6832K)->5540K(6832K)
[2021-06-25T13:40:33.945-0530][gc           ] GC(6) Pause Young (Normal) (G1 Evacuation Pause) 191M->144M(1024M) 6.129ms
[2021-06-25T13:40:33.945-0530][gc,cpu       ] GC(6) User=0.03s Sys=0.01s Real=0.01s
