[2021-06-25T13:34:40.095-0530][gc,heap] Heap region size: 1M
[2021-06-25T13:34:40.095-0530][gc,heap,coops] Heap address: 0x00000007e0000000, size: 512 MB, Compressed Oops mode: Zero based, Oop shift amount: 3
[2021-06-25T13:34:40.100-0530][gc           ] Using G1
[2021-06-25T13:34:40.100-0530][gc,cds       ] Mark closed archive regions in map: [0x00000007fff00000, 0x00000007fff7aff8]
[2021-06-25T13:34:40.100-0530][gc,cds       ] Mark open archive regions in map: [0x00000007ffe00000, 0x00000007ffe50ff8]
[2021-06-25T13:34:40.117-0530][gc           ] Periodic GC disabled
[2021-06-25T13:35:32.561-0530][gc,start     ] GC(0) Pause Young (Normal) (G1 Evacuation Pause)
[2021-06-25T13:35:32.561-0530][gc,task      ] GC(0) Using 10 workers of 10 for evacuation
[2021-06-25T13:35:32.566-0530][gc,phases    ] GC(0)   Pre Evacuate Collection Set: 0.1ms
[2021-06-25T13:35:32.566-0530][gc,phases    ] GC(0)   Merge Heap Roots: 0.0ms
[2021-06-25T13:35:32.566-0530][gc,phases    ] GC(0)   Evacuate Collection Set: 3.7ms
[2021-06-25T13:35:32.566-0530][gc,phases    ] GC(0)   Post Evacuate Collection Set: 0.4ms
[2021-06-25T13:35:32.566-0530][gc,phases    ] GC(0)   Other: 1.0ms
[2021-06-25T13:35:32.566-0530][gc,heap      ] GC(0) Eden regions: 25->0(21)
[2021-06-25T13:35:32.566-0530][gc,heap      ] GC(0) Survivor regions: 0->4(4)
[2021-06-25T13:35:32.566-0530][gc,heap      ] GC(0) Old regions: 0->2
[2021-06-25T13:35:32.566-0530][gc,heap      ] GC(0) Archive regions: 2->2
[2021-06-25T13:35:32.566-0530][gc,heap      ] GC(0) Humongous regions: 0->0
[2021-06-25T13:35:32.566-0530][gc,metaspace ] GC(0) Metaspace: 7233K(7680K)->7233K(7680K) NonClass: 6392K(6656K)->6392K(6656K) Class: 840K(1024K)->840K(1024K)
[2021-06-25T13:35:32.566-0530][gc           ] GC(0) Pause Young (Normal) (G1 Evacuation Pause) 25M->6M(512M) 5.412ms
[2021-06-25T13:35:32.566-0530][gc,cpu       ] GC(0) User=0.02s Sys=0.01s Real=0.00s
